MPLINK 4.31, Linker
Linker Map File - Created Wed May 14 01:27:35 2014

                                 Section Info
                  Section       Type    Address   Location Size(Bytes)
                ---------  ---------  ---------  ---------  ---------
               _entry_scn       code   0x000000    program   0x000006
  _RESET_INTERRUPT_VECTOR       code   0x000800    program   0x000006
      InterruptVectorHigh       code   0x000808    program   0x000006
       InterruptVectorLow       code   0x000818    program   0x000006
                   .cinit    romdata   0x00082a    program   0x00000e
             .code_main.o       code   0x000838    program   0x00059e
  .code_stepper_process.o       code   0x000dd6    program   0x00036c
      .code_adc_process.o       code   0x001142    program   0x000150
           .code_config.o       code   0x001292    program   0x0000b4
               _cinit_scn       code   0x001346    program   0x00009e
          .code_adcopen.o       code   0x0013e4    program   0x00006e
           .code_t1open.o       code   0x001452    program   0x000042
          .code_t1write.o       code   0x001494    program   0x000038
           .code_t0open.o       code   0x0014cc    program   0x000038
         .code_adcsetch.o       code   0x001504    program   0x00002e
      .code_pwm_process.o       code   0x001532    program   0x00002a
             _startup_scn       code   0x00155c    program   0x00001c
         .code_fxd0808u.o       code   0x001578    program   0x00001c
          .code_adcread.o       code   0x001594    program   0x000012
                    .code       code   0x0015a6    program   0x00000e
          .code_adcbusy.o       code   0x0015b4    program   0x00000a
          .code_adcconv.o       code   0x0015be    program   0x000004
           .code___init.o       code   0x0015c2    program   0x000002
        .romdata_config.o    romdata   0x0015c4    program   0x000000
       .romdata_adcread.o    romdata   0x0015c4    program   0x000000
      .romdata_adcsetch.o    romdata   0x0015c4    program   0x000000
        .romdata___init.o    romdata   0x0015c4    program   0x000000
        .romdata_t1open.o    romdata   0x0015c4    program   0x000000
        .idata_t1open.o_i    romdata   0x0015c4    program   0x000000
          .idata_main.o_i    romdata   0x0015c4    program   0x000080
        .romdata_t0open.o    romdata   0x0015c4    program   0x000000
        .idata_t0open.o_i    romdata   0x0015c4    program   0x000000
          .romdata_main.o    romdata   0x0015c4    program   0x000000
       .romdata_adcopen.o    romdata   0x0015c4    program   0x000000
   .idata_pwm_process.o_i    romdata   0x0015c4    program   0x000000
   .romdata_pwm_process.o    romdata   0x0015c4    program   0x000000
      .romdata_fxd0808u.o    romdata   0x0015c4    program   0x000000
       .idata_t1write.o_i    romdata   0x0015c4    program   0x000000
       .romdata_adcconv.o    romdata   0x0015c4    program   0x000000
       .romdata_t1write.o    romdata   0x0015c4    program   0x000000
       .romdata_adcbusy.o    romdata   0x0015c4    program   0x000000
.idata_stepper_process.o_i    romdata   0x0015c4    program   0x000000
         .romdata_c018i.o    romdata   0x0015c4    program   0x000000
   .romdata_adc_process.o    romdata   0x0015c4    program   0x000000
.romdata_stepper_process.o    romdata   0x0015c4    program   0x000000
        .idata___init.o_i    romdata   0x001644    program   0x000000
      .idata_adcsetch.o_i    romdata   0x001644    program   0x000000
       .idata_adcread.o_i    romdata   0x001644    program   0x000000
       .idata_adcopen.o_i    romdata   0x001644    program   0x000000
      .idata_fxd0808u.o_i    romdata   0x001644    program   0x000000
       .idata_adcconv.o_i    romdata   0x001644    program   0x000000
       .idata_adcbusy.o_i    romdata   0x001644    program   0x000000
   .idata_adc_process.o_i    romdata   0x001644    program   0x000000
        .idata_config.o_i    romdata   0x001644    program   0x000000
            .code_c018i.o       code   0x001644    program   0x000000
         .idata_c018i.o_i    romdata   0x001644    program   0x000000
                MATH_DATA      udata   0x000000       data   0x000010
                 .tmpdata      udata   0x000010       data   0x000004
            .idata_main.o      idata   0x000060       data   0x000080
            .udata_main.o      udata   0x0000e0       data   0x000014
     .udata_adc_process.o      udata   0x0000f4       data   0x00000b
        .idata_fxd0808u.o      idata   0x0000ff       data   0x000000
         .udata_adcopen.o      udata   0x0000ff       data   0x000000
         .idata_adcopen.o      idata   0x0000ff       data   0x000000
          .udata_t0open.o      udata   0x0000ff       data   0x000000
          .idata_t0open.o      idata   0x0000ff       data   0x000000
          .udata_t1open.o      udata   0x0000ff       data   0x000000
          .idata_t1open.o      idata   0x0000ff       data   0x000000
         .udata_adcread.o      udata   0x0000ff       data   0x000000
         .idata_adcread.o      idata   0x0000ff       data   0x000000
        .udata_adcsetch.o      udata   0x0000ff       data   0x000000
        .idata_adcsetch.o      idata   0x0000ff       data   0x000000
         .udata_t1write.o      udata   0x0000ff       data   0x000000
         .idata_t1write.o      idata   0x0000ff       data   0x000000
          .udata___init.o      udata   0x0000ff       data   0x000000
          .idata___init.o      idata   0x0000ff       data   0x000000
        .udata_fxd0808u.o      udata   0x0000ff       data   0x000000
         .idata_adcconv.o      idata   0x0000ff       data   0x000000
         .udata_adcconv.o      udata   0x0000ff       data   0x000000
         .idata_adcbusy.o      idata   0x0000ff       data   0x000000
         .udata_adcbusy.o      udata   0x0000ff       data   0x000000
     .idata_adc_process.o      idata   0x0000ff       data   0x000000
 .idata_stepper_process.o      idata   0x0000ff       data   0x000000
     .idata_pwm_process.o      idata   0x0000ff       data   0x000000
          .idata_config.o      idata   0x0000ff       data   0x000000
          .udata_config.o      udata   0x0000ff       data   0x000000
           .idata_c018i.o      idata   0x0000ff       data   0x000000
           .udata_c018i.o      udata   0x000100       data   0x00000a
 .udata_stepper_process.o      udata   0x00010a       data   0x000002
     .udata_pwm_process.o      udata   0x00010c       data   0x000002
                   .stack      udata   0x000300       data   0x000100
            SFR_UNBANKED0      udata   0x000f66       data   0x00009a



                              Program Memory Usage 
                               Start         End      
                           ---------   ---------      
                            0x000000    0x000005      
                            0x000800    0x000805      
                            0x000808    0x00080d      
                            0x000818    0x00081d      
                            0x00082a    0x001643      
            3634 out of 33048 program addresses used, program memory utilization is 10%



                              Symbols - Sorted by Name
                     Name    Address   Location    Storage File                     
                ---------  ---------  ---------  --------- ---------                
              ADC_Process   0x001164    program     extern C:\Users\Administrator\Desktop\luo mainPROG\adc_process.c
                  BusyADC   0x0015b4    program     extern C:\MCC18\src\pmc_common\ADC\adcbusy.c
               ConvertADC   0x0015be    program     extern C:\MCC18\src\pmc_common\ADC\adcconv.c
                 FXD0808U   0x001578    program     extern C:\MCC18\src\traditional\math\fxd0808u.c
              HRGameLight   0x000b12    program     extern C:\Users\Administrator\Desktop\luo mainPROG\main.c
              HeartDetect   0x000c2e    program     extern C:\Users\Administrator\Desktop\luo mainPROG\main.c
                     Init   0x000a46    program     extern C:\Users\Administrator\Desktop\luo mainPROG\main.c
         Init_ADC_Process   0x001142    program     extern C:\Users\Administrator\Desktop\luo mainPROG\adc_process.c
         Init_PWM_Process   0x001532    program     extern C:\Users\Administrator\Desktop\luo mainPROG\pwm_process.c
     Init_Stepper_Process   0x000dd6    program     extern C:\Users\Administrator\Desktop\luo mainPROG\stepper_process.c
          Init_Timer_Loop   0x001292    program     extern C:\Users\Administrator\Desktop\luo mainPROG\config.c
      InterruptVectorHigh   0x000808    program     extern C:\Users\Administrator\Desktop\luo mainPROG\config.c
       InterruptVectorLow   0x000818    program     extern C:\Users\Administrator\Desktop\luo mainPROG\config.c
        Interrupt_Handler   0x0012aa    program     extern C:\Users\Administrator\Desktop\luo mainPROG\config.c
                  LedInit   0x000a72    program     extern C:\Users\Administrator\Desktop\luo mainPROG\main.c
                  OpenADC   0x0013e4    program     extern C:\MCC18\src\pmc_common\ADC\adcopen.c
               OpenTimer0   0x0014cc    program     extern C:\MCC18\src\pmc_common\Timers\t0open.c
               OpenTimer1   0x001452    program     extern C:\MCC18\src\pmc_common\Timers\t1open.c
              PWM_Process   0x001540    program     extern C:\Users\Administrator\Desktop\luo mainPROG\pwm_process.c
                  ReadADC   0x001594    program     extern C:\MCC18\src\pmc_common\ADC\adcread.c
               SetChanADC   0x001504    program     extern C:\MCC18\src\pmc_common\ADC\adcsetch.c
                  Speaker   0x000cec    program     extern C:\Users\Administrator\Desktop\luo mainPROG\main.c
          Stepper_Process   0x000e62    program     extern C:\Users\Administrator\Desktop\luo mainPROG\stepper_process.c
             Stepper_Step   0x0010aa    program     extern C:\Users\Administrator\Desktop\luo mainPROG\stepper_process.c
                     Wait   0x00129e    program     extern C:\Users\Administrator\Desktop\luo mainPROG\config.c
              WriteTimer1   0x001494    program     extern C:\MCC18\src\pmc_common\Timers\t1write.c
       ___return_lbl00000   0x000004    program     static                          
       ___return_lbl00000   0x000804    program     static                          
       ___return_lbl00000   0x001592    program     static                          
       ___return_lbl00001   0x00080c    program     static                          
       ___return_lbl00001   0x001576    program     static                          
       ___return_lbl00002   0x00081c    program     static                          
       ___return_lbl00002   0x0013e2    program     static                          
       ___return_lbl00004   0x0012a8    program     static                          
        ___while_lbl00005   0x00129e    program     static                          
        ___while_lbl00006   0x0012a6    program     static                          
                   __init   0x0015c2    program     extern C:\MCC18\src\traditional\stdclib\__init.c
            __zero_memory   0x0015a6    program     extern C:\MCC18\src\traditional\proc\p18F2550.asm
                _do_cinit   0x001346    program     extern C:\MCC18\src\traditional\startup\c018i.c
                   _entry   0x000000    program     extern C:\MCC18\src\traditional\startup\c018i.c
                   _reset   0x000800    program     extern C:\Users\Administrator\Desktop\luo mainPROG\config.c
                 _startup   0x00155c    program     extern C:\MCC18\src\traditional\startup\c018i.c
                centerLed   0x000baa    program     extern C:\Users\Administrator\Desktop\luo mainPROG\main.c
               clear_loop   0x0015ac    program     static C:\MCC18\src\traditional\proc\p18F2550.asm
                copy_loop   0x0013b8    program     static                          
            copy_one_byte   0x0013be    program     static                          
                     done   0x0013e2    program     static                          
             done_copying   0x0013cc    program     static                          
                  endloop   0x00158e    program     static                          
                     loop   0x001580    program     static                          
                     loop   0x00156c    program     static                          
                     main   0x000838    program     extern C:\Users\Administrator\Desktop\luo mainPROG\main.c
                   sLedOn   0x000a90    program     extern C:\Users\Administrator\Desktop\luo mainPROG\main.c
                     test   0x001360    program     static                          
                   ADCON0   0x000fc2       data     extern C:\MCC18\src\traditional\proc\p18F2550.asm
               ADCON0bits   0x000fc2       data     extern C:\MCC18\src\traditional\proc\p18F2550.asm
                   ADCON1   0x000fc1       data     extern C:\MCC18\src\traditional\proc\p18F2550.asm
               ADCON1bits   0x000fc1       data     extern C:\MCC18\src\traditional\proc\p18F2550.asm
                   ADCON2   0x000fc0       data     extern C:\MCC18\src\traditional\proc\p18F2550.asm
               ADCON2bits   0x000fc0       data     extern C:\MCC18\src\traditional\proc\p18F2550.asm
                 ADCState   0x0000f4       data     extern C:\Users\Administrator\Desktop\luo mainPROG\adc_process.c
                    ADRES   0x000fc3       data     extern C:\MCC18\src\traditional\proc\p18F2550.asm
                   ADRESH   0x000fc4       data     extern C:\MCC18\src\traditional\proc\p18F2550.asm
                   ADRESL   0x000fc3       data     extern C:\MCC18\src\traditional\proc\p18F2550.asm
                  BAUDCON   0x000fb8       data     extern C:\MCC18\src\traditional\proc\p18F2550.asm
              BAUDCONbits   0x000fb8       data     extern C:\MCC18\src\traditional\proc\p18F2550.asm
                      BSR   0x000fe0       data     extern C:\MCC18\src\traditional\proc\p18F2550.asm
                   CCP1AS   0x000fb6       data     extern C:\MCC18\src\traditional\proc\p18F2550.asm
               CCP1ASbits   0x000fb6       data     extern C:\MCC18\src\traditional\proc\p18F2550.asm
                  CCP1CON   0x000fbd       data     extern C:\MCC18\src\traditional\proc\p18F2550.asm
              CCP1CONbits   0x000fbd       data     extern C:\MCC18\src\traditional\proc\p18F2550.asm
                  CCP1DEL   0x000fb7       data     extern C:\MCC18\src\traditional\proc\p18F2550.asm
              CCP1DELbits   0x000fb7       data     extern C:\MCC18\src\traditional\proc\p18F2550.asm
                  CCP2CON   0x000fba       data     extern C:\MCC18\src\traditional\proc\p18F2550.asm
              CCP2CONbits   0x000fba       data     extern C:\MCC18\src\traditional\proc\p18F2550.asm
                    CCPR1   0x000fbe       data     extern C:\MCC18\src\traditional\proc\p18F2550.asm
                   CCPR1H   0x000fbf       data     extern C:\MCC18\src\traditional\proc\p18F2550.asm
                   CCPR1L   0x000fbe       data     extern C:\MCC18\src\traditional\proc\p18F2550.asm
                    CCPR2   0x000fbb       data     extern C:\MCC18\src\traditional\proc\p18F2550.asm
                   CCPR2H   0x000fbc       data     extern C:\MCC18\src\traditional\proc\p18F2550.asm
                   CCPR2L   0x000fbb       data     extern C:\MCC18\src\traditional\proc\p18F2550.asm
                    CMCON   0x000fb4       data     extern C:\MCC18\src\traditional\proc\p18F2550.asm
                CMCONbits   0x000fb4       data     extern C:\MCC18\src\traditional\proc\p18F2550.asm
                   CVRCON   0x000fb5       data     extern C:\MCC18\src\traditional\proc\p18F2550.asm
               CVRCONbits   0x000fb5       data     extern C:\MCC18\src\traditional\proc\p18F2550.asm
                     DDRA   0x000f92       data     extern C:\MCC18\src\traditional\proc\p18F2550.asm
                 DDRAbits   0x000f92       data     extern C:\MCC18\src\traditional\proc\p18F2550.asm
                     DDRB   0x000f93       data     extern C:\MCC18\src\traditional\proc\p18F2550.asm
                 DDRBbits   0x000f93       data     extern C:\MCC18\src\traditional\proc\p18F2550.asm
                     DDRC   0x000f94       data     extern C:\MCC18\src\traditional\proc\p18F2550.asm
                 DDRCbits   0x000f94       data     extern C:\MCC18\src\traditional\proc\p18F2550.asm
                  ECCP1AS   0x000fb6       data     extern C:\MCC18\src\traditional\proc\p18F2550.asm
              ECCP1ASbits   0x000fb6       data     extern C:\MCC18\src\traditional\proc\p18F2550.asm
                 ECCP1DEL   0x000fb7       data     extern C:\MCC18\src\traditional\proc\p18F2550.asm
             ECCP1DELbits   0x000fb7       data     extern C:\MCC18\src\traditional\proc\p18F2550.asm
                    EEADR   0x000fa9       data     extern C:\MCC18\src\traditional\proc\p18F2550.asm
                   EECON1   0x000fa6       data     extern C:\MCC18\src\traditional\proc\p18F2550.asm
               EECON1bits   0x000fa6       data     extern C:\MCC18\src\traditional\proc\p18F2550.asm
                   EECON2   0x000fa7       data     extern C:\MCC18\src\traditional\proc\p18F2550.asm
                   EEDATA   0x000fa8       data     extern C:\MCC18\src\traditional\proc\p18F2550.asm
                     FSR0   0x000fe9       data     extern C:\MCC18\src\traditional\proc\p18F2550.asm
                    FSR0H   0x000fea       data     extern C:\MCC18\src\traditional\proc\p18F2550.asm
                    FSR0L   0x000fe9       data     extern C:\MCC18\src\traditional\proc\p18F2550.asm
                     FSR1   0x000fe1       data     extern C:\MCC18\src\traditional\proc\p18F2550.asm
                    FSR1H   0x000fe2       data     extern C:\MCC18\src\traditional\proc\p18F2550.asm
                    FSR1L   0x000fe1       data     extern C:\MCC18\src\traditional\proc\p18F2550.asm
                     FSR2   0x000fd9       data     extern C:\MCC18\src\traditional\proc\p18F2550.asm
                    FSR2H   0x000fda       data     extern C:\MCC18\src\traditional\proc\p18F2550.asm
                    FSR2L   0x000fd9       data     extern C:\MCC18\src\traditional\proc\p18F2550.asm
                  HLVDCON   0x000fd2       data     extern C:\MCC18\src\traditional\proc\p18F2550.asm
              HLVDCONbits   0x000fd2       data     extern C:\MCC18\src\traditional\proc\p18F2550.asm
                    INDF0   0x000fef       data     extern C:\MCC18\src\traditional\proc\p18F2550.asm
                    INDF1   0x000fe7       data     extern C:\MCC18\src\traditional\proc\p18F2550.asm
                    INDF2   0x000fdf       data     extern C:\MCC18\src\traditional\proc\p18F2550.asm
                   INTCON   0x000ff2       data     extern C:\MCC18\src\traditional\proc\p18F2550.asm
                  INTCON2   0x000ff1       data     extern C:\MCC18\src\traditional\proc\p18F2550.asm
              INTCON2bits   0x000ff1       data     extern C:\MCC18\src\traditional\proc\p18F2550.asm
                  INTCON3   0x000ff0       data     extern C:\MCC18\src\traditional\proc\p18F2550.asm
              INTCON3bits   0x000ff0       data     extern C:\MCC18\src\traditional\proc\p18F2550.asm
               INTCONbits   0x000ff2       data     extern C:\MCC18\src\traditional\proc\p18F2550.asm
                     IPR1   0x000f9f       data     extern C:\MCC18\src\traditional\proc\p18F2550.asm
                 IPR1bits   0x000f9f       data     extern C:\MCC18\src\traditional\proc\p18F2550.asm
                     IPR2   0x000fa2       data     extern C:\MCC18\src\traditional\proc\p18F2550.asm
                 IPR2bits   0x000fa2       data     extern C:\MCC18\src\traditional\proc\p18F2550.asm
                     LATA   0x000f89       data     extern C:\MCC18\src\traditional\proc\p18F2550.asm
                 LATAbits   0x000f89       data     extern C:\MCC18\src\traditional\proc\p18F2550.asm
                     LATB   0x000f8a       data     extern C:\MCC18\src\traditional\proc\p18F2550.asm
                 LATBbits   0x000f8a       data     extern C:\MCC18\src\traditional\proc\p18F2550.asm
                     LATC   0x000f8b       data     extern C:\MCC18\src\traditional\proc\p18F2550.asm
                 LATCbits   0x000f8b       data     extern C:\MCC18\src\traditional\proc\p18F2550.asm
                   LVDCON   0x000fd2       data     extern C:\MCC18\src\traditional\proc\p18F2550.asm
               LVDCONbits   0x000fd2       data     extern C:\MCC18\src\traditional\proc\p18F2550.asm
                   OSCCON   0x000fd3       data     extern C:\MCC18\src\traditional\proc\p18F2550.asm
               OSCCONbits   0x000fd3       data     extern C:\MCC18\src\traditional\proc\p18F2550.asm
                  OSCTUNE   0x000f9b       data     extern C:\MCC18\src\traditional\proc\p18F2550.asm
              OSCTUNEbits   0x000f9b       data     extern C:\MCC18\src\traditional\proc\p18F2550.asm
                       PC   0x000ff9       data     extern C:\MCC18\src\traditional\proc\p18F2550.asm
                      PCL   0x000ff9       data     extern C:\MCC18\src\traditional\proc\p18F2550.asm
                   PCLATH   0x000ffa       data     extern C:\MCC18\src\traditional\proc\p18F2550.asm
                   PCLATU   0x000ffb       data     extern C:\MCC18\src\traditional\proc\p18F2550.asm
                     PIE1   0x000f9d       data     extern C:\MCC18\src\traditional\proc\p18F2550.asm
                 PIE1bits   0x000f9d       data     extern C:\MCC18\src\traditional\proc\p18F2550.asm
                     PIE2   0x000fa0       data     extern C:\MCC18\src\traditional\proc\p18F2550.asm
                 PIE2bits   0x000fa0       data     extern C:\MCC18\src\traditional\proc\p18F2550.asm
                     PIR1   0x000f9e       data     extern C:\MCC18\src\traditional\proc\p18F2550.asm
                 PIR1bits   0x000f9e       data     extern C:\MCC18\src\traditional\proc\p18F2550.asm
                     PIR2   0x000fa1       data     extern C:\MCC18\src\traditional\proc\p18F2550.asm
                 PIR2bits   0x000fa1       data     extern C:\MCC18\src\traditional\proc\p18F2550.asm
                   PLUSW0   0x000feb       data     extern C:\MCC18\src\traditional\proc\p18F2550.asm
                   PLUSW1   0x000fe3       data     extern C:\MCC18\src\traditional\proc\p18F2550.asm
                   PLUSW2   0x000fdb       data     extern C:\MCC18\src\traditional\proc\p18F2550.asm
                    PORTA   0x000f80       data     extern C:\MCC18\src\traditional\proc\p18F2550.asm
                PORTAbits   0x000f80       data     extern C:\MCC18\src\traditional\proc\p18F2550.asm
                    PORTB   0x000f81       data     extern C:\MCC18\src\traditional\proc\p18F2550.asm
                PORTBbits   0x000f81       data     extern C:\MCC18\src\traditional\proc\p18F2550.asm
                    PORTC   0x000f82       data     extern C:\MCC18\src\traditional\proc\p18F2550.asm
                PORTCbits   0x000f82       data     extern C:\MCC18\src\traditional\proc\p18F2550.asm
                    PORTE   0x000f84       data     extern C:\MCC18\src\traditional\proc\p18F2550.asm
                PORTEbits   0x000f84       data     extern C:\MCC18\src\traditional\proc\p18F2550.asm
                 POSTDEC0   0x000fed       data     extern C:\MCC18\src\traditional\proc\p18F2550.asm
                 POSTDEC1   0x000fe5       data     extern C:\MCC18\src\traditional\proc\p18F2550.asm
                 POSTDEC2   0x000fdd       data     extern C:\MCC18\src\traditional\proc\p18F2550.asm
                 POSTINC0   0x000fee       data     extern C:\MCC18\src\traditional\proc\p18F2550.asm
                 POSTINC1   0x000fe6       data     extern C:\MCC18\src\traditional\proc\p18F2550.asm
                 POSTINC2   0x000fde       data     extern C:\MCC18\src\traditional\proc\p18F2550.asm
                      PR2   0x000fcb       data     extern C:\MCC18\src\traditional\proc\p18F2550.asm
                  PREINC0   0x000fec       data     extern C:\MCC18\src\traditional\proc\p18F2550.asm
                  PREINC1   0x000fe4       data     extern C:\MCC18\src\traditional\proc\p18F2550.asm
                  PREINC2   0x000fdc       data     extern C:\MCC18\src\traditional\proc\p18F2550.asm
                     PROD   0x000ff3       data     extern C:\MCC18\src\traditional\proc\p18F2550.asm
                    PRODH   0x000ff4       data     extern C:\MCC18\src\traditional\proc\p18F2550.asm
                    PRODL   0x000ff3       data     extern C:\MCC18\src\traditional\proc\p18F2550.asm
               PWM_Duty_1   0x00010d       data     extern C:\Users\Administrator\Desktop\luo mainPROG\pwm_process.c
              PWM_counter   0x00010c       data     extern C:\Users\Administrator\Desktop\luo mainPROG\pwm_process.c
                     RCON   0x000fd0       data     extern C:\MCC18\src\traditional\proc\p18F2550.asm
                 RCONbits   0x000fd0       data     extern C:\MCC18\src\traditional\proc\p18F2550.asm
                    RCREG   0x000fae       data     extern C:\MCC18\src\traditional\proc\p18F2550.asm
                    RCSTA   0x000fab       data     extern C:\MCC18\src\traditional\proc\p18F2550.asm
                RCSTAbits   0x000fab       data     extern C:\MCC18\src\traditional\proc\p18F2550.asm
                     SIGN   0x00000e       data     extern C:\MCC18\src\traditional\math\cmath18.asm
                    SPBRG   0x000faf       data     extern C:\MCC18\src\traditional\proc\p18F2550.asm
                   SPBRGH   0x000fb0       data     extern C:\MCC18\src\traditional\proc\p18F2550.asm
                   SSPADD   0x000fc8       data     extern C:\MCC18\src\traditional\proc\p18F2550.asm
                   SSPBUF   0x000fc9       data     extern C:\MCC18\src\traditional\proc\p18F2550.asm
                  SSPCON1   0x000fc6       data     extern C:\MCC18\src\traditional\proc\p18F2550.asm
              SSPCON1bits   0x000fc6       data     extern C:\MCC18\src\traditional\proc\p18F2550.asm
                  SSPCON2   0x000fc5       data     extern C:\MCC18\src\traditional\proc\p18F2550.asm
              SSPCON2bits   0x000fc5       data     extern C:\MCC18\src\traditional\proc\p18F2550.asm
                  SSPSTAT   0x000fc7       data     extern C:\MCC18\src\traditional\proc\p18F2550.asm
              SSPSTATbits   0x000fc7       data     extern C:\MCC18\src\traditional\proc\p18F2550.asm
                   STATUS   0x000fd8       data     extern C:\MCC18\src\traditional\proc\p18F2550.asm
               STATUSbits   0x000fd8       data     extern C:\MCC18\src\traditional\proc\p18F2550.asm
                   STKPTR   0x000ffc       data     extern C:\MCC18\src\traditional\proc\p18F2550.asm
               STKPTRbits   0x000ffc       data     extern C:\MCC18\src\traditional\proc\p18F2550.asm
                    T0CON   0x000fd5       data     extern C:\MCC18\src\traditional\proc\p18F2550.asm
                T0CONbits   0x000fd5       data     extern C:\MCC18\src\traditional\proc\p18F2550.asm
                    T1CON   0x000fcd       data     extern C:\MCC18\src\traditional\proc\p18F2550.asm
                T1CONbits   0x000fcd       data     extern C:\MCC18\src\traditional\proc\p18F2550.asm
                    T2CON   0x000fca       data     extern C:\MCC18\src\traditional\proc\p18F2550.asm
                T2CONbits   0x000fca       data     extern C:\MCC18\src\traditional\proc\p18F2550.asm
                    T3CON   0x000fb1       data     extern C:\MCC18\src\traditional\proc\p18F2550.asm
                T3CONbits   0x000fb1       data     extern C:\MCC18\src\traditional\proc\p18F2550.asm
                   TABLAT   0x000ff5       data     extern C:\MCC18\src\traditional\proc\p18F2550.asm
                   TBLPTR   0x000ff6       data     extern C:\MCC18\src\traditional\proc\p18F2550.asm
                  TBLPTRH   0x000ff7       data     extern C:\MCC18\src\traditional\proc\p18F2550.asm
                  TBLPTRL   0x000ff6       data     extern C:\MCC18\src\traditional\proc\p18F2550.asm
                  TBLPTRU   0x000ff8       data     extern C:\MCC18\src\traditional\proc\p18F2550.asm
                    TMR0H   0x000fd7       data     extern C:\MCC18\src\traditional\proc\p18F2550.asm
                    TMR0L   0x000fd6       data     extern C:\MCC18\src\traditional\proc\p18F2550.asm
                    TMR1H   0x000fcf       data     extern C:\MCC18\src\traditional\proc\p18F2550.asm
                    TMR1L   0x000fce       data     extern C:\MCC18\src\traditional\proc\p18F2550.asm
                     TMR2   0x000fcc       data     extern C:\MCC18\src\traditional\proc\p18F2550.asm
                    TMR3H   0x000fb3       data     extern C:\MCC18\src\traditional\proc\p18F2550.asm
                    TMR3L   0x000fb2       data     extern C:\MCC18\src\traditional\proc\p18F2550.asm
                      TOS   0x000ffd       data     extern C:\MCC18\src\traditional\proc\p18F2550.asm
                     TOSH   0x000ffe       data     extern C:\MCC18\src\traditional\proc\p18F2550.asm
                     TOSL   0x000ffd       data     extern C:\MCC18\src\traditional\proc\p18F2550.asm
                     TOSU   0x000fff       data     extern C:\MCC18\src\traditional\proc\p18F2550.asm
                    TRISA   0x000f92       data     extern C:\MCC18\src\traditional\proc\p18F2550.asm
                TRISAbits   0x000f92       data     extern C:\MCC18\src\traditional\proc\p18F2550.asm
                    TRISB   0x000f93       data     extern C:\MCC18\src\traditional\proc\p18F2550.asm
                TRISBbits   0x000f93       data     extern C:\MCC18\src\traditional\proc\p18F2550.asm
                    TRISC   0x000f94       data     extern C:\MCC18\src\traditional\proc\p18F2550.asm
                TRISCbits   0x000f94       data     extern C:\MCC18\src\traditional\proc\p18F2550.asm
                    TXREG   0x000fad       data     extern C:\MCC18\src\traditional\proc\p18F2550.asm
                    TXSTA   0x000fac       data     extern C:\MCC18\src\traditional\proc\p18F2550.asm
                TXSTAbits   0x000fac       data     extern C:\MCC18\src\traditional\proc\p18F2550.asm
                    UADDR   0x000f6e       data     extern C:\MCC18\src\traditional\proc\p18F2550.asm
                UADDRbits   0x000f6e       data     extern C:\MCC18\src\traditional\proc\p18F2550.asm
                     UCFG   0x000f6f       data     extern C:\MCC18\src\traditional\proc\p18F2550.asm
                 UCFGbits   0x000f6f       data     extern C:\MCC18\src\traditional\proc\p18F2550.asm
                     UCON   0x000f6d       data     extern C:\MCC18\src\traditional\proc\p18F2550.asm
                 UCONbits   0x000f6d       data     extern C:\MCC18\src\traditional\proc\p18F2550.asm
                     UEIE   0x000f6b       data     extern C:\MCC18\src\traditional\proc\p18F2550.asm
                 UEIEbits   0x000f6b       data     extern C:\MCC18\src\traditional\proc\p18F2550.asm
                     UEIR   0x000f6a       data     extern C:\MCC18\src\traditional\proc\p18F2550.asm
                 UEIRbits   0x000f6a       data     extern C:\MCC18\src\traditional\proc\p18F2550.asm
                     UEP0   0x000f70       data     extern C:\MCC18\src\traditional\proc\p18F2550.asm
                 UEP0bits   0x000f70       data     extern C:\MCC18\src\traditional\proc\p18F2550.asm
                     UEP1   0x000f71       data     extern C:\MCC18\src\traditional\proc\p18F2550.asm
                    UEP10   0x000f7a       data     extern C:\MCC18\src\traditional\proc\p18F2550.asm
                UEP10bits   0x000f7a       data     extern C:\MCC18\src\traditional\proc\p18F2550.asm
                    UEP11   0x000f7b       data     extern C:\MCC18\src\traditional\proc\p18F2550.asm
                UEP11bits   0x000f7b       data     extern C:\MCC18\src\traditional\proc\p18F2550.asm
                    UEP12   0x000f7c       data     extern C:\MCC18\src\traditional\proc\p18F2550.asm
                UEP12bits   0x000f7c       data     extern C:\MCC18\src\traditional\proc\p18F2550.asm
                    UEP13   0x000f7d       data     extern C:\MCC18\src\traditional\proc\p18F2550.asm
                UEP13bits   0x000f7d       data     extern C:\MCC18\src\traditional\proc\p18F2550.asm
                    UEP14   0x000f7e       data     extern C:\MCC18\src\traditional\proc\p18F2550.asm
                UEP14bits   0x000f7e       data     extern C:\MCC18\src\traditional\proc\p18F2550.asm
                    UEP15   0x000f7f       data     extern C:\MCC18\src\traditional\proc\p18F2550.asm
                UEP15bits   0x000f7f       data     extern C:\MCC18\src\traditional\proc\p18F2550.asm
                 UEP1bits   0x000f71       data     extern C:\MCC18\src\traditional\proc\p18F2550.asm
                     UEP2   0x000f72       data     extern C:\MCC18\src\traditional\proc\p18F2550.asm
                 UEP2bits   0x000f72       data     extern C:\MCC18\src\traditional\proc\p18F2550.asm
                     UEP3   0x000f73       data     extern C:\MCC18\src\traditional\proc\p18F2550.asm
                 UEP3bits   0x000f73       data     extern C:\MCC18\src\traditional\proc\p18F2550.asm
                     UEP4   0x000f74       data     extern C:\MCC18\src\traditional\proc\p18F2550.asm
                 UEP4bits   0x000f74       data     extern C:\MCC18\src\traditional\proc\p18F2550.asm
                     UEP5   0x000f75       data     extern C:\MCC18\src\traditional\proc\p18F2550.asm
                 UEP5bits   0x000f75       data     extern C:\MCC18\src\traditional\proc\p18F2550.asm
                     UEP6   0x000f76       data     extern C:\MCC18\src\traditional\proc\p18F2550.asm
                 UEP6bits   0x000f76       data     extern C:\MCC18\src\traditional\proc\p18F2550.asm
                     UEP7   0x000f77       data     extern C:\MCC18\src\traditional\proc\p18F2550.asm
                 UEP7bits   0x000f77       data     extern C:\MCC18\src\traditional\proc\p18F2550.asm
                     UEP8   0x000f78       data     extern C:\MCC18\src\traditional\proc\p18F2550.asm
                 UEP8bits   0x000f78       data     extern C:\MCC18\src\traditional\proc\p18F2550.asm
                     UEP9   0x000f79       data     extern C:\MCC18\src\traditional\proc\p18F2550.asm
                 UEP9bits   0x000f79       data     extern C:\MCC18\src\traditional\proc\p18F2550.asm
                     UFRM   0x000f66       data     extern C:\MCC18\src\traditional\proc\p18F2550.asm
                    UFRMH   0x000f67       data     extern C:\MCC18\src\traditional\proc\p18F2550.asm
                UFRMHbits   0x000f67       data     extern C:\MCC18\src\traditional\proc\p18F2550.asm
                    UFRML   0x000f66       data     extern C:\MCC18\src\traditional\proc\p18F2550.asm
                UFRMLbits   0x000f66       data     extern C:\MCC18\src\traditional\proc\p18F2550.asm
                      UIE   0x000f69       data     extern C:\MCC18\src\traditional\proc\p18F2550.asm
                  UIEbits   0x000f69       data     extern C:\MCC18\src\traditional\proc\p18F2550.asm
                      UIR   0x000f68       data     extern C:\MCC18\src\traditional\proc\p18F2550.asm
                  UIRbits   0x000f68       data     extern C:\MCC18\src\traditional\proc\p18F2550.asm
                    USTAT   0x000f6c       data     extern C:\MCC18\src\traditional\proc\p18F2550.asm
                USTATbits   0x000f6c       data     extern C:\MCC18\src\traditional\proc\p18F2550.asm
                   WDTCON   0x000fd1       data     extern C:\MCC18\src\traditional\proc\p18F2550.asm
               WDTCONbits   0x000fd1       data     extern C:\MCC18\src\traditional\proc\p18F2550.asm
                     WREG   0x000fe8       data     extern C:\MCC18\src\traditional\proc\p18F2550.asm
                 __AARGB0   0x000007       data     extern C:\MCC18\src\traditional\math\aarg.asm
                 __AARGB1   0x000006       data     extern C:\MCC18\src\traditional\math\aarg.asm
                 __AARGB2   0x000005       data     extern C:\MCC18\src\traditional\math\aarg.asm
                 __AARGB3   0x000004       data     extern C:\MCC18\src\traditional\math\aarg.asm
                 __AARGB4   0x000003       data     extern C:\MCC18\src\traditional\math\aarg.asm
                 __AARGB5   0x000002       data     extern C:\MCC18\src\traditional\math\aarg.asm
                 __AARGB6   0x000001       data     extern C:\MCC18\src\traditional\math\aarg.asm
                 __AARGB7   0x000000       data     extern C:\MCC18\src\traditional\math\aarg.asm
                   __AEXP   0x000008       data     extern C:\MCC18\src\traditional\math\aarg.asm
                 __BARGB0   0x00000c       data     extern C:\MCC18\src\traditional\math\barg.asm
                 __BARGB1   0x00000b       data     extern C:\MCC18\src\traditional\math\barg.asm
                 __BARGB2   0x00000a       data     extern C:\MCC18\src\traditional\math\barg.asm
                 __BARGB3   0x000009       data     extern C:\MCC18\src\traditional\math\barg.asm
                   __BEXP   0x00000d       data     extern C:\MCC18\src\traditional\math\barg.asm
                __FPFLAGS   0x00000f       data     extern C:\MCC18\src\traditional\math\cmath18.asm
            __FPFLAGSbits   0x00000f       data     extern C:\MCC18\src\traditional\math\cmath18.asm
                  __REMB0   0x000003       data     extern C:\MCC18\src\traditional\math\aarg.asm
                  __REMB1   0x000002       data     extern C:\MCC18\src\traditional\math\aarg.asm
                  __REMB2   0x000001       data     extern C:\MCC18\src\traditional\math\aarg.asm
                  __REMB3   0x000000       data     extern C:\MCC18\src\traditional\math\aarg.asm
                  __tmp_0   0x000010       data     static C:\Users\Administrator\Desktop\luo mainPROG\stepper_process.c
                  __tmp_0   0x000010       data     static C:\Users\Administrator\Desktop\luo mainPROG\main.c
                  __tmp_0   0x000010       data     static C:\MCC18\src\pmc_common\ADC\adcsetch.c
                  __tmp_0   0x000010       data     static C:\MCC18\src\pmc_common\ADC\adcread.c
                  __tmp_0   0x000010       data     static C:\MCC18\src\pmc_common\ADC\adcopen.c
            analogInput_0   0x0000f5       data     extern C:\Users\Administrator\Desktop\luo mainPROG\adc_process.c
            analogInput_1   0x0000f7       data     extern C:\Users\Administrator\Desktop\luo mainPROG\adc_process.c
            analogInput_2   0x0000f9       data     extern C:\Users\Administrator\Desktop\luo mainPROG\adc_process.c
            analogInput_3   0x0000fb       data     extern C:\Users\Administrator\Desktop\luo mainPROG\adc_process.c
            analogInput_4   0x0000fd       data     extern C:\Users\Administrator\Desktop\luo mainPROG\adc_process.c
            buttonCounter   0x0000e0       data     extern C:\Users\Administrator\Desktop\luo mainPROG\main.c
            counterBlink1   0x0000e1       data     extern C:\Users\Administrator\Desktop\luo mainPROG\main.c
            counterBlink2   0x0000e2       data     extern C:\Users\Administrator\Desktop\luo mainPROG\main.c
                counterHR   0x0000f3       data     extern C:\Users\Administrator\Desktop\luo mainPROG\main.c
           counterSpeaker   0x0000e4       data     extern C:\Users\Administrator\Desktop\luo mainPROG\main.c
                curr_byte   0x000103       data     static C:\MCC18\src\traditional\startup\c018i.c
               curr_entry   0x000105       data     static C:\MCC18\src\traditional\startup\c018i.c
                     data   0x000060       data     extern C:\Users\Administrator\Desktop\luo mainPROG\main.c
                 data_ptr   0x000107       data     static C:\MCC18\src\traditional\startup\c018i.c
        heartBeatCounter1   0x0000ee       data     extern C:\Users\Administrator\Desktop\luo mainPROG\main.c
        heartBeatCounter2   0x0000f0       data     extern C:\Users\Administrator\Desktop\luo mainPROG\main.c
           heartBeatPiek1   0x0000ed       data     extern C:\Users\Administrator\Desktop\luo mainPROG\main.c
           heartBeatPiek2   0x0000ef       data     extern C:\Users\Administrator\Desktop\luo mainPROG\main.c
           heartBeatTimer   0x0000f1       data     extern C:\Users\Administrator\Desktop\luo mainPROG\main.c
                        i   0x0000e5       data     extern C:\Users\Administrator\Desktop\luo mainPROG\main.c
                        j   0x0000e9       data     extern C:\Users\Administrator\Desktop\luo mainPROG\main.c
                        m   0x0000e7       data     extern C:\Users\Administrator\Desktop\luo mainPROG\main.c
              peakBoolean   0x0000f2       data     extern C:\Users\Administrator\Desktop\luo mainPROG\main.c
                 prevPeak   0x0000ec       data     extern C:\Users\Administrator\Desktop\luo mainPROG\main.c
                     prom   0x000100       data     static C:\MCC18\src\traditional\startup\c018i.c
                        s   0x0000eb       data     extern C:\Users\Administrator\Desktop\luo mainPROG\main.c
                  speaker   0x0000e3       data     extern C:\Users\Administrator\Desktop\luo mainPROG\main.c
                  stepper   0x00010a       data     static C:\Users\Administrator\Desktop\luo mainPROG\stepper_process.c
                        t   0x0000ea       data     extern C:\Users\Administrator\Desktop\luo mainPROG\main.c



                              Symbols - Sorted by Address
                     Name    Address   Location    Storage File                     
                ---------  ---------  ---------  --------- ---------                
                   _entry   0x000000    program     extern C:\MCC18\src\traditional\startup\c018i.c
       ___return_lbl00000   0x000004    program     static                          
                   _reset   0x000800    program     extern C:\Users\Administrator\Desktop\luo mainPROG\config.c
       ___return_lbl00000   0x000804    program     static                          
      InterruptVectorHigh   0x000808    program     extern C:\Users\Administrator\Desktop\luo mainPROG\config.c
       ___return_lbl00001   0x00080c    program     static                          
       InterruptVectorLow   0x000818    program     extern C:\Users\Administrator\Desktop\luo mainPROG\config.c
       ___return_lbl00002   0x00081c    program     static                          
                     main   0x000838    program     extern C:\Users\Administrator\Desktop\luo mainPROG\main.c
                     Init   0x000a46    program     extern C:\Users\Administrator\Desktop\luo mainPROG\main.c
                  LedInit   0x000a72    program     extern C:\Users\Administrator\Desktop\luo mainPROG\main.c
                   sLedOn   0x000a90    program     extern C:\Users\Administrator\Desktop\luo mainPROG\main.c
              HRGameLight   0x000b12    program     extern C:\Users\Administrator\Desktop\luo mainPROG\main.c
                centerLed   0x000baa    program     extern C:\Users\Administrator\Desktop\luo mainPROG\main.c
              HeartDetect   0x000c2e    program     extern C:\Users\Administrator\Desktop\luo mainPROG\main.c
                  Speaker   0x000cec    program     extern C:\Users\Administrator\Desktop\luo mainPROG\main.c
     Init_Stepper_Process   0x000dd6    program     extern C:\Users\Administrator\Desktop\luo mainPROG\stepper_process.c
          Stepper_Process   0x000e62    program     extern C:\Users\Administrator\Desktop\luo mainPROG\stepper_process.c
             Stepper_Step   0x0010aa    program     extern C:\Users\Administrator\Desktop\luo mainPROG\stepper_process.c
         Init_ADC_Process   0x001142    program     extern C:\Users\Administrator\Desktop\luo mainPROG\adc_process.c
              ADC_Process   0x001164    program     extern C:\Users\Administrator\Desktop\luo mainPROG\adc_process.c
          Init_Timer_Loop   0x001292    program     extern C:\Users\Administrator\Desktop\luo mainPROG\config.c
        ___while_lbl00005   0x00129e    program     static                          
                     Wait   0x00129e    program     extern C:\Users\Administrator\Desktop\luo mainPROG\config.c
        ___while_lbl00006   0x0012a6    program     static                          
       ___return_lbl00004   0x0012a8    program     static                          
        Interrupt_Handler   0x0012aa    program     extern C:\Users\Administrator\Desktop\luo mainPROG\config.c
                _do_cinit   0x001346    program     extern C:\MCC18\src\traditional\startup\c018i.c
                     test   0x001360    program     static                          
                copy_loop   0x0013b8    program     static                          
            copy_one_byte   0x0013be    program     static                          
             done_copying   0x0013cc    program     static                          
                     done   0x0013e2    program     static                          
       ___return_lbl00002   0x0013e2    program     static                          
                  OpenADC   0x0013e4    program     extern C:\MCC18\src\pmc_common\ADC\adcopen.c
               OpenTimer1   0x001452    program     extern C:\MCC18\src\pmc_common\Timers\t1open.c
              WriteTimer1   0x001494    program     extern C:\MCC18\src\pmc_common\Timers\t1write.c
               OpenTimer0   0x0014cc    program     extern C:\MCC18\src\pmc_common\Timers\t0open.c
               SetChanADC   0x001504    program     extern C:\MCC18\src\pmc_common\ADC\adcsetch.c
         Init_PWM_Process   0x001532    program     extern C:\Users\Administrator\Desktop\luo mainPROG\pwm_process.c
              PWM_Process   0x001540    program     extern C:\Users\Administrator\Desktop\luo mainPROG\pwm_process.c
                 _startup   0x00155c    program     extern C:\MCC18\src\traditional\startup\c018i.c
                     loop   0x00156c    program     static                          
       ___return_lbl00001   0x001576    program     static                          
                 FXD0808U   0x001578    program     extern C:\MCC18\src\traditional\math\fxd0808u.c
                     loop   0x001580    program     static                          
                  endloop   0x00158e    program     static                          
       ___return_lbl00000   0x001592    program     static                          
                  ReadADC   0x001594    program     extern C:\MCC18\src\pmc_common\ADC\adcread.c
            __zero_memory   0x0015a6    program     extern C:\MCC18\src\traditional\proc\p18F2550.asm
               clear_loop   0x0015ac    program     static C:\MCC18\src\traditional\proc\p18F2550.asm
                  BusyADC   0x0015b4    program     extern C:\MCC18\src\pmc_common\ADC\adcbusy.c
               ConvertADC   0x0015be    program     extern C:\MCC18\src\pmc_common\ADC\adcconv.c
                   __init   0x0015c2    program     extern C:\MCC18\src\traditional\stdclib\__init.c
                  __REMB3   0x000000       data     extern C:\MCC18\src\traditional\math\aarg.asm
                 __AARGB7   0x000000       data     extern C:\MCC18\src\traditional\math\aarg.asm
                  __REMB2   0x000001       data     extern C:\MCC18\src\traditional\math\aarg.asm
                 __AARGB6   0x000001       data     extern C:\MCC18\src\traditional\math\aarg.asm
                  __REMB1   0x000002       data     extern C:\MCC18\src\traditional\math\aarg.asm
                 __AARGB5   0x000002       data     extern C:\MCC18\src\traditional\math\aarg.asm
                 __AARGB4   0x000003       data     extern C:\MCC18\src\traditional\math\aarg.asm
                  __REMB0   0x000003       data     extern C:\MCC18\src\traditional\math\aarg.asm
                 __AARGB3   0x000004       data     extern C:\MCC18\src\traditional\math\aarg.asm
                 __AARGB2   0x000005       data     extern C:\MCC18\src\traditional\math\aarg.asm
                 __AARGB1   0x000006       data     extern C:\MCC18\src\traditional\math\aarg.asm
                 __AARGB0   0x000007       data     extern C:\MCC18\src\traditional\math\aarg.asm
                   __AEXP   0x000008       data     extern C:\MCC18\src\traditional\math\aarg.asm
                 __BARGB3   0x000009       data     extern C:\MCC18\src\traditional\math\barg.asm
                 __BARGB2   0x00000a       data     extern C:\MCC18\src\traditional\math\barg.asm
                 __BARGB1   0x00000b       data     extern C:\MCC18\src\traditional\math\barg.asm
                 __BARGB0   0x00000c       data     extern C:\MCC18\src\traditional\math\barg.asm
                   __BEXP   0x00000d       data     extern C:\MCC18\src\traditional\math\barg.asm
                     SIGN   0x00000e       data     extern C:\MCC18\src\traditional\math\cmath18.asm
            __FPFLAGSbits   0x00000f       data     extern C:\MCC18\src\traditional\math\cmath18.asm
                __FPFLAGS   0x00000f       data     extern C:\MCC18\src\traditional\math\cmath18.asm
                  __tmp_0   0x000010       data     static C:\Users\Administrator\Desktop\luo mainPROG\stepper_process.c
                  __tmp_0   0x000010       data     static C:\Users\Administrator\Desktop\luo mainPROG\main.c
                  __tmp_0   0x000010       data     static C:\MCC18\src\pmc_common\ADC\adcsetch.c
                  __tmp_0   0x000010       data     static C:\MCC18\src\pmc_common\ADC\adcread.c
                  __tmp_0   0x000010       data     static C:\MCC18\src\pmc_common\ADC\adcopen.c
                     data   0x000060       data     extern C:\Users\Administrator\Desktop\luo mainPROG\main.c
            buttonCounter   0x0000e0       data     extern C:\Users\Administrator\Desktop\luo mainPROG\main.c
            counterBlink1   0x0000e1       data     extern C:\Users\Administrator\Desktop\luo mainPROG\main.c
            counterBlink2   0x0000e2       data     extern C:\Users\Administrator\Desktop\luo mainPROG\main.c
                  speaker   0x0000e3       data     extern C:\Users\Administrator\Desktop\luo mainPROG\main.c
           counterSpeaker   0x0000e4       data     extern C:\Users\Administrator\Desktop\luo mainPROG\main.c
                        i   0x0000e5       data     extern C:\Users\Administrator\Desktop\luo mainPROG\main.c
                        m   0x0000e7       data     extern C:\Users\Administrator\Desktop\luo mainPROG\main.c
                        j   0x0000e9       data     extern C:\Users\Administrator\Desktop\luo mainPROG\main.c
                        t   0x0000ea       data     extern C:\Users\Administrator\Desktop\luo mainPROG\main.c
                        s   0x0000eb       data     extern C:\Users\Administrator\Desktop\luo mainPROG\main.c
                 prevPeak   0x0000ec       data     extern C:\Users\Administrator\Desktop\luo mainPROG\main.c
           heartBeatPiek1   0x0000ed       data     extern C:\Users\Administrator\Desktop\luo mainPROG\main.c
        heartBeatCounter1   0x0000ee       data     extern C:\Users\Administrator\Desktop\luo mainPROG\main.c
           heartBeatPiek2   0x0000ef       data     extern C:\Users\Administrator\Desktop\luo mainPROG\main.c
        heartBeatCounter2   0x0000f0       data     extern C:\Users\Administrator\Desktop\luo mainPROG\main.c
           heartBeatTimer   0x0000f1       data     extern C:\Users\Administrator\Desktop\luo mainPROG\main.c
              peakBoolean   0x0000f2       data     extern C:\Users\Administrator\Desktop\luo mainPROG\main.c
                counterHR   0x0000f3       data     extern C:\Users\Administrator\Desktop\luo mainPROG\main.c
                 ADCState   0x0000f4       data     extern C:\Users\Administrator\Desktop\luo mainPROG\adc_process.c
            analogInput_0   0x0000f5       data     extern C:\Users\Administrator\Desktop\luo mainPROG\adc_process.c
            analogInput_1   0x0000f7       data     extern C:\Users\Administrator\Desktop\luo mainPROG\adc_process.c
            analogInput_2   0x0000f9       data     extern C:\Users\Administrator\Desktop\luo mainPROG\adc_process.c
            analogInput_3   0x0000fb       data     extern C:\Users\Administrator\Desktop\luo mainPROG\adc_process.c
            analogInput_4   0x0000fd       data     extern C:\Users\Administrator\Desktop\luo mainPROG\adc_process.c
                     prom   0x000100       data     static C:\MCC18\src\traditional\startup\c018i.c
                curr_byte   0x000103       data     static C:\MCC18\src\traditional\startup\c018i.c
               curr_entry   0x000105       data     static C:\MCC18\src\traditional\startup\c018i.c
                 data_ptr   0x000107       data     static C:\MCC18\src\traditional\startup\c018i.c
                  stepper   0x00010a       data     static C:\Users\Administrator\Desktop\luo mainPROG\stepper_process.c
              PWM_counter   0x00010c       data     extern C:\Users\Administrator\Desktop\luo mainPROG\pwm_process.c
               PWM_Duty_1   0x00010d       data     extern C:\Users\Administrator\Desktop\luo mainPROG\pwm_process.c
                UFRMLbits   0x000f66       data     extern C:\MCC18\src\traditional\proc\p18F2550.asm
                    UFRML   0x000f66       data     extern C:\MCC18\src\traditional\proc\p18F2550.asm
                     UFRM   0x000f66       data     extern C:\MCC18\src\traditional\proc\p18F2550.asm
                UFRMHbits   0x000f67       data     extern C:\MCC18\src\traditional\proc\p18F2550.asm
                    UFRMH   0x000f67       data     extern C:\MCC18\src\traditional\proc\p18F2550.asm
                      UIR   0x000f68       data     extern C:\MCC18\src\traditional\proc\p18F2550.asm
                  UIRbits   0x000f68       data     extern C:\MCC18\src\traditional\proc\p18F2550.asm
                      UIE   0x000f69       data     extern C:\MCC18\src\traditional\proc\p18F2550.asm
                  UIEbits   0x000f69       data     extern C:\MCC18\src\traditional\proc\p18F2550.asm
                 UEIRbits   0x000f6a       data     extern C:\MCC18\src\traditional\proc\p18F2550.asm
                     UEIR   0x000f6a       data     extern C:\MCC18\src\traditional\proc\p18F2550.asm
                 UEIEbits   0x000f6b       data     extern C:\MCC18\src\traditional\proc\p18F2550.asm
                     UEIE   0x000f6b       data     extern C:\MCC18\src\traditional\proc\p18F2550.asm
                USTATbits   0x000f6c       data     extern C:\MCC18\src\traditional\proc\p18F2550.asm
                    USTAT   0x000f6c       data     extern C:\MCC18\src\traditional\proc\p18F2550.asm
                 UCONbits   0x000f6d       data     extern C:\MCC18\src\traditional\proc\p18F2550.asm
                     UCON   0x000f6d       data     extern C:\MCC18\src\traditional\proc\p18F2550.asm
                UADDRbits   0x000f6e       data     extern C:\MCC18\src\traditional\proc\p18F2550.asm
                    UADDR   0x000f6e       data     extern C:\MCC18\src\traditional\proc\p18F2550.asm
                     UCFG   0x000f6f       data     extern C:\MCC18\src\traditional\proc\p18F2550.asm
                 UCFGbits   0x000f6f       data     extern C:\MCC18\src\traditional\proc\p18F2550.asm
                     UEP0   0x000f70       data     extern C:\MCC18\src\traditional\proc\p18F2550.asm
                 UEP0bits   0x000f70       data     extern C:\MCC18\src\traditional\proc\p18F2550.asm
                     UEP1   0x000f71       data     extern C:\MCC18\src\traditional\proc\p18F2550.asm
                 UEP1bits   0x000f71       data     extern C:\MCC18\src\traditional\proc\p18F2550.asm
                 UEP2bits   0x000f72       data     extern C:\MCC18\src\traditional\proc\p18F2550.asm
                     UEP2   0x000f72       data     extern C:\MCC18\src\traditional\proc\p18F2550.asm
                 UEP3bits   0x000f73       data     extern C:\MCC18\src\traditional\proc\p18F2550.asm
                     UEP3   0x000f73       data     extern C:\MCC18\src\traditional\proc\p18F2550.asm
                 UEP4bits   0x000f74       data     extern C:\MCC18\src\traditional\proc\p18F2550.asm
                     UEP4   0x000f74       data     extern C:\MCC18\src\traditional\proc\p18F2550.asm
                     UEP5   0x000f75       data     extern C:\MCC18\src\traditional\proc\p18F2550.asm
                 UEP5bits   0x000f75       data     extern C:\MCC18\src\traditional\proc\p18F2550.asm
                 UEP6bits   0x000f76       data     extern C:\MCC18\src\traditional\proc\p18F2550.asm
                     UEP6   0x000f76       data     extern C:\MCC18\src\traditional\proc\p18F2550.asm
                 UEP7bits   0x000f77       data     extern C:\MCC18\src\traditional\proc\p18F2550.asm
                     UEP7   0x000f77       data     extern C:\MCC18\src\traditional\proc\p18F2550.asm
                     UEP8   0x000f78       data     extern C:\MCC18\src\traditional\proc\p18F2550.asm
                 UEP8bits   0x000f78       data     extern C:\MCC18\src\traditional\proc\p18F2550.asm
                 UEP9bits   0x000f79       data     extern C:\MCC18\src\traditional\proc\p18F2550.asm
                     UEP9   0x000f79       data     extern C:\MCC18\src\traditional\proc\p18F2550.asm
                UEP10bits   0x000f7a       data     extern C:\MCC18\src\traditional\proc\p18F2550.asm
                    UEP10   0x000f7a       data     extern C:\MCC18\src\traditional\proc\p18F2550.asm
                UEP11bits   0x000f7b       data     extern C:\MCC18\src\traditional\proc\p18F2550.asm
                    UEP11   0x000f7b       data     extern C:\MCC18\src\traditional\proc\p18F2550.asm
                UEP12bits   0x000f7c       data     extern C:\MCC18\src\traditional\proc\p18F2550.asm
                    UEP12   0x000f7c       data     extern C:\MCC18\src\traditional\proc\p18F2550.asm
                    UEP13   0x000f7d       data     extern C:\MCC18\src\traditional\proc\p18F2550.asm
                UEP13bits   0x000f7d       data     extern C:\MCC18\src\traditional\proc\p18F2550.asm
                    UEP14   0x000f7e       data     extern C:\MCC18\src\traditional\proc\p18F2550.asm
                UEP14bits   0x000f7e       data     extern C:\MCC18\src\traditional\proc\p18F2550.asm
                UEP15bits   0x000f7f       data     extern C:\MCC18\src\traditional\proc\p18F2550.asm
                    UEP15   0x000f7f       data     extern C:\MCC18\src\traditional\proc\p18F2550.asm
                PORTAbits   0x000f80       data     extern C:\MCC18\src\traditional\proc\p18F2550.asm
                    PORTA   0x000f80       data     extern C:\MCC18\src\traditional\proc\p18F2550.asm
                PORTBbits   0x000f81       data     extern C:\MCC18\src\traditional\proc\p18F2550.asm
                    PORTB   0x000f81       data     extern C:\MCC18\src\traditional\proc\p18F2550.asm
                PORTCbits   0x000f82       data     extern C:\MCC18\src\traditional\proc\p18F2550.asm
                    PORTC   0x000f82       data     extern C:\MCC18\src\traditional\proc\p18F2550.asm
                PORTEbits   0x000f84       data     extern C:\MCC18\src\traditional\proc\p18F2550.asm
                    PORTE   0x000f84       data     extern C:\MCC18\src\traditional\proc\p18F2550.asm
                 LATAbits   0x000f89       data     extern C:\MCC18\src\traditional\proc\p18F2550.asm
                     LATA   0x000f89       data     extern C:\MCC18\src\traditional\proc\p18F2550.asm
                 LATBbits   0x000f8a       data     extern C:\MCC18\src\traditional\proc\p18F2550.asm
                     LATB   0x000f8a       data     extern C:\MCC18\src\traditional\proc\p18F2550.asm
                 LATCbits   0x000f8b       data     extern C:\MCC18\src\traditional\proc\p18F2550.asm
                     LATC   0x000f8b       data     extern C:\MCC18\src\traditional\proc\p18F2550.asm
                TRISAbits   0x000f92       data     extern C:\MCC18\src\traditional\proc\p18F2550.asm
                    TRISA   0x000f92       data     extern C:\MCC18\src\traditional\proc\p18F2550.asm
                     DDRA   0x000f92       data     extern C:\MCC18\src\traditional\proc\p18F2550.asm
                 DDRAbits   0x000f92       data     extern C:\MCC18\src\traditional\proc\p18F2550.asm
                    TRISB   0x000f93       data     extern C:\MCC18\src\traditional\proc\p18F2550.asm
                TRISBbits   0x000f93       data     extern C:\MCC18\src\traditional\proc\p18F2550.asm
                     DDRB   0x000f93       data     extern C:\MCC18\src\traditional\proc\p18F2550.asm
                 DDRBbits   0x000f93       data     extern C:\MCC18\src\traditional\proc\p18F2550.asm
                     DDRC   0x000f94       data     extern C:\MCC18\src\traditional\proc\p18F2550.asm
                 DDRCbits   0x000f94       data     extern C:\MCC18\src\traditional\proc\p18F2550.asm
                    TRISC   0x000f94       data     extern C:\MCC18\src\traditional\proc\p18F2550.asm
                TRISCbits   0x000f94       data     extern C:\MCC18\src\traditional\proc\p18F2550.asm
                  OSCTUNE   0x000f9b       data     extern C:\MCC18\src\traditional\proc\p18F2550.asm
              OSCTUNEbits   0x000f9b       data     extern C:\MCC18\src\traditional\proc\p18F2550.asm
                     PIE1   0x000f9d       data     extern C:\MCC18\src\traditional\proc\p18F2550.asm
                 PIE1bits   0x000f9d       data     extern C:\MCC18\src\traditional\proc\p18F2550.asm
                     PIR1   0x000f9e       data     extern C:\MCC18\src\traditional\proc\p18F2550.asm
                 PIR1bits   0x000f9e       data     extern C:\MCC18\src\traditional\proc\p18F2550.asm
                 IPR1bits   0x000f9f       data     extern C:\MCC18\src\traditional\proc\p18F2550.asm
                     IPR1   0x000f9f       data     extern C:\MCC18\src\traditional\proc\p18F2550.asm
                     PIE2   0x000fa0       data     extern C:\MCC18\src\traditional\proc\p18F2550.asm
                 PIE2bits   0x000fa0       data     extern C:\MCC18\src\traditional\proc\p18F2550.asm
                     PIR2   0x000fa1       data     extern C:\MCC18\src\traditional\proc\p18F2550.asm
                 PIR2bits   0x000fa1       data     extern C:\MCC18\src\traditional\proc\p18F2550.asm
                 IPR2bits   0x000fa2       data     extern C:\MCC18\src\traditional\proc\p18F2550.asm
                     IPR2   0x000fa2       data     extern C:\MCC18\src\traditional\proc\p18F2550.asm
               EECON1bits   0x000fa6       data     extern C:\MCC18\src\traditional\proc\p18F2550.asm
                   EECON1   0x000fa6       data     extern C:\MCC18\src\traditional\proc\p18F2550.asm
                   EECON2   0x000fa7       data     extern C:\MCC18\src\traditional\proc\p18F2550.asm
                   EEDATA   0x000fa8       data     extern C:\MCC18\src\traditional\proc\p18F2550.asm
                    EEADR   0x000fa9       data     extern C:\MCC18\src\traditional\proc\p18F2550.asm
                RCSTAbits   0x000fab       data     extern C:\MCC18\src\traditional\proc\p18F2550.asm
                    RCSTA   0x000fab       data     extern C:\MCC18\src\traditional\proc\p18F2550.asm
                    TXSTA   0x000fac       data     extern C:\MCC18\src\traditional\proc\p18F2550.asm
                TXSTAbits   0x000fac       data     extern C:\MCC18\src\traditional\proc\p18F2550.asm
                    TXREG   0x000fad       data     extern C:\MCC18\src\traditional\proc\p18F2550.asm
                    RCREG   0x000fae       data     extern C:\MCC18\src\traditional\proc\p18F2550.asm
                    SPBRG   0x000faf       data     extern C:\MCC18\src\traditional\proc\p18F2550.asm
                   SPBRGH   0x000fb0       data     extern C:\MCC18\src\traditional\proc\p18F2550.asm
                T3CONbits   0x000fb1       data     extern C:\MCC18\src\traditional\proc\p18F2550.asm
                    T3CON   0x000fb1       data     extern C:\MCC18\src\traditional\proc\p18F2550.asm
                    TMR3L   0x000fb2       data     extern C:\MCC18\src\traditional\proc\p18F2550.asm
                    TMR3H   0x000fb3       data     extern C:\MCC18\src\traditional\proc\p18F2550.asm
                CMCONbits   0x000fb4       data     extern C:\MCC18\src\traditional\proc\p18F2550.asm
                    CMCON   0x000fb4       data     extern C:\MCC18\src\traditional\proc\p18F2550.asm
               CVRCONbits   0x000fb5       data     extern C:\MCC18\src\traditional\proc\p18F2550.asm
                   CVRCON   0x000fb5       data     extern C:\MCC18\src\traditional\proc\p18F2550.asm
               CCP1ASbits   0x000fb6       data     extern C:\MCC18\src\traditional\proc\p18F2550.asm
                   CCP1AS   0x000fb6       data     extern C:\MCC18\src\traditional\proc\p18F2550.asm
                  ECCP1AS   0x000fb6       data     extern C:\MCC18\src\traditional\proc\p18F2550.asm
              ECCP1ASbits   0x000fb6       data     extern C:\MCC18\src\traditional\proc\p18F2550.asm
             ECCP1DELbits   0x000fb7       data     extern C:\MCC18\src\traditional\proc\p18F2550.asm
                 ECCP1DEL   0x000fb7       data     extern C:\MCC18\src\traditional\proc\p18F2550.asm
                  CCP1DEL   0x000fb7       data     extern C:\MCC18\src\traditional\proc\p18F2550.asm
              CCP1DELbits   0x000fb7       data     extern C:\MCC18\src\traditional\proc\p18F2550.asm
              BAUDCONbits   0x000fb8       data     extern C:\MCC18\src\traditional\proc\p18F2550.asm
                  BAUDCON   0x000fb8       data     extern C:\MCC18\src\traditional\proc\p18F2550.asm
              CCP2CONbits   0x000fba       data     extern C:\MCC18\src\traditional\proc\p18F2550.asm
                  CCP2CON   0x000fba       data     extern C:\MCC18\src\traditional\proc\p18F2550.asm
                    CCPR2   0x000fbb       data     extern C:\MCC18\src\traditional\proc\p18F2550.asm
                   CCPR2L   0x000fbb       data     extern C:\MCC18\src\traditional\proc\p18F2550.asm
                   CCPR2H   0x000fbc       data     extern C:\MCC18\src\traditional\proc\p18F2550.asm
              CCP1CONbits   0x000fbd       data     extern C:\MCC18\src\traditional\proc\p18F2550.asm
                  CCP1CON   0x000fbd       data     extern C:\MCC18\src\traditional\proc\p18F2550.asm
                    CCPR1   0x000fbe       data     extern C:\MCC18\src\traditional\proc\p18F2550.asm
                   CCPR1L   0x000fbe       data     extern C:\MCC18\src\traditional\proc\p18F2550.asm
                   CCPR1H   0x000fbf       data     extern C:\MCC18\src\traditional\proc\p18F2550.asm
               ADCON2bits   0x000fc0       data     extern C:\MCC18\src\traditional\proc\p18F2550.asm
                   ADCON2   0x000fc0       data     extern C:\MCC18\src\traditional\proc\p18F2550.asm
               ADCON1bits   0x000fc1       data     extern C:\MCC18\src\traditional\proc\p18F2550.asm
                   ADCON1   0x000fc1       data     extern C:\MCC18\src\traditional\proc\p18F2550.asm
                   ADCON0   0x000fc2       data     extern C:\MCC18\src\traditional\proc\p18F2550.asm
               ADCON0bits   0x000fc2       data     extern C:\MCC18\src\traditional\proc\p18F2550.asm
                    ADRES   0x000fc3       data     extern C:\MCC18\src\traditional\proc\p18F2550.asm
                   ADRESL   0x000fc3       data     extern C:\MCC18\src\traditional\proc\p18F2550.asm
                   ADRESH   0x000fc4       data     extern C:\MCC18\src\traditional\proc\p18F2550.asm
                  SSPCON2   0x000fc5       data     extern C:\MCC18\src\traditional\proc\p18F2550.asm
              SSPCON2bits   0x000fc5       data     extern C:\MCC18\src\traditional\proc\p18F2550.asm
                  SSPCON1   0x000fc6       data     extern C:\MCC18\src\traditional\proc\p18F2550.asm
              SSPCON1bits   0x000fc6       data     extern C:\MCC18\src\traditional\proc\p18F2550.asm
                  SSPSTAT   0x000fc7       data     extern C:\MCC18\src\traditional\proc\p18F2550.asm
              SSPSTATbits   0x000fc7       data     extern C:\MCC18\src\traditional\proc\p18F2550.asm
                   SSPADD   0x000fc8       data     extern C:\MCC18\src\traditional\proc\p18F2550.asm
                   SSPBUF   0x000fc9       data     extern C:\MCC18\src\traditional\proc\p18F2550.asm
                T2CONbits   0x000fca       data     extern C:\MCC18\src\traditional\proc\p18F2550.asm
                    T2CON   0x000fca       data     extern C:\MCC18\src\traditional\proc\p18F2550.asm
                      PR2   0x000fcb       data     extern C:\MCC18\src\traditional\proc\p18F2550.asm
                     TMR2   0x000fcc       data     extern C:\MCC18\src\traditional\proc\p18F2550.asm
                T1CONbits   0x000fcd       data     extern C:\MCC18\src\traditional\proc\p18F2550.asm
                    T1CON   0x000fcd       data     extern C:\MCC18\src\traditional\proc\p18F2550.asm
                    TMR1L   0x000fce       data     extern C:\MCC18\src\traditional\proc\p18F2550.asm
                    TMR1H   0x000fcf       data     extern C:\MCC18\src\traditional\proc\p18F2550.asm
                     RCON   0x000fd0       data     extern C:\MCC18\src\traditional\proc\p18F2550.asm
                 RCONbits   0x000fd0       data     extern C:\MCC18\src\traditional\proc\p18F2550.asm
                   WDTCON   0x000fd1       data     extern C:\MCC18\src\traditional\proc\p18F2550.asm
               WDTCONbits   0x000fd1       data     extern C:\MCC18\src\traditional\proc\p18F2550.asm
               LVDCONbits   0x000fd2       data     extern C:\MCC18\src\traditional\proc\p18F2550.asm
                   LVDCON   0x000fd2       data     extern C:\MCC18\src\traditional\proc\p18F2550.asm
              HLVDCONbits   0x000fd2       data     extern C:\MCC18\src\traditional\proc\p18F2550.asm
                  HLVDCON   0x000fd2       data     extern C:\MCC18\src\traditional\proc\p18F2550.asm
               OSCCONbits   0x000fd3       data     extern C:\MCC18\src\traditional\proc\p18F2550.asm
                   OSCCON   0x000fd3       data     extern C:\MCC18\src\traditional\proc\p18F2550.asm
                    T0CON   0x000fd5       data     extern C:\MCC18\src\traditional\proc\p18F2550.asm
                T0CONbits   0x000fd5       data     extern C:\MCC18\src\traditional\proc\p18F2550.asm
                    TMR0L   0x000fd6       data     extern C:\MCC18\src\traditional\proc\p18F2550.asm
                    TMR0H   0x000fd7       data     extern C:\MCC18\src\traditional\proc\p18F2550.asm
               STATUSbits   0x000fd8       data     extern C:\MCC18\src\traditional\proc\p18F2550.asm
                   STATUS   0x000fd8       data     extern C:\MCC18\src\traditional\proc\p18F2550.asm
                    FSR2L   0x000fd9       data     extern C:\MCC18\src\traditional\proc\p18F2550.asm
                     FSR2   0x000fd9       data     extern C:\MCC18\src\traditional\proc\p18F2550.asm
                    FSR2H   0x000fda       data     extern C:\MCC18\src\traditional\proc\p18F2550.asm
                   PLUSW2   0x000fdb       data     extern C:\MCC18\src\traditional\proc\p18F2550.asm
                  PREINC2   0x000fdc       data     extern C:\MCC18\src\traditional\proc\p18F2550.asm
                 POSTDEC2   0x000fdd       data     extern C:\MCC18\src\traditional\proc\p18F2550.asm
                 POSTINC2   0x000fde       data     extern C:\MCC18\src\traditional\proc\p18F2550.asm
                    INDF2   0x000fdf       data     extern C:\MCC18\src\traditional\proc\p18F2550.asm
                      BSR   0x000fe0       data     extern C:\MCC18\src\traditional\proc\p18F2550.asm
                     FSR1   0x000fe1       data     extern C:\MCC18\src\traditional\proc\p18F2550.asm
                    FSR1L   0x000fe1       data     extern C:\MCC18\src\traditional\proc\p18F2550.asm
                    FSR1H   0x000fe2       data     extern C:\MCC18\src\traditional\proc\p18F2550.asm
                   PLUSW1   0x000fe3       data     extern C:\MCC18\src\traditional\proc\p18F2550.asm
                  PREINC1   0x000fe4       data     extern C:\MCC18\src\traditional\proc\p18F2550.asm
                 POSTDEC1   0x000fe5       data     extern C:\MCC18\src\traditional\proc\p18F2550.asm
                 POSTINC1   0x000fe6       data     extern C:\MCC18\src\traditional\proc\p18F2550.asm
                    INDF1   0x000fe7       data     extern C:\MCC18\src\traditional\proc\p18F2550.asm
                     WREG   0x000fe8       data     extern C:\MCC18\src\traditional\proc\p18F2550.asm
                     FSR0   0x000fe9       data     extern C:\MCC18\src\traditional\proc\p18F2550.asm
                    FSR0L   0x000fe9       data     extern C:\MCC18\src\traditional\proc\p18F2550.asm
                    FSR0H   0x000fea       data     extern C:\MCC18\src\traditional\proc\p18F2550.asm
                   PLUSW0   0x000feb       data     extern C:\MCC18\src\traditional\proc\p18F2550.asm
                  PREINC0   0x000fec       data     extern C:\MCC18\src\traditional\proc\p18F2550.asm
                 POSTDEC0   0x000fed       data     extern C:\MCC18\src\traditional\proc\p18F2550.asm
                 POSTINC0   0x000fee       data     extern C:\MCC18\src\traditional\proc\p18F2550.asm
                    INDF0   0x000fef       data     extern C:\MCC18\src\traditional\proc\p18F2550.asm
              INTCON3bits   0x000ff0       data     extern C:\MCC18\src\traditional\proc\p18F2550.asm
                  INTCON3   0x000ff0       data     extern C:\MCC18\src\traditional\proc\p18F2550.asm
              INTCON2bits   0x000ff1       data     extern C:\MCC18\src\traditional\proc\p18F2550.asm
                  INTCON2   0x000ff1       data     extern C:\MCC18\src\traditional\proc\p18F2550.asm
               INTCONbits   0x000ff2       data     extern C:\MCC18\src\traditional\proc\p18F2550.asm
                   INTCON   0x000ff2       data     extern C:\MCC18\src\traditional\proc\p18F2550.asm
                     PROD   0x000ff3       data     extern C:\MCC18\src\traditional\proc\p18F2550.asm
                    PRODL   0x000ff3       data     extern C:\MCC18\src\traditional\proc\p18F2550.asm
                    PRODH   0x000ff4       data     extern C:\MCC18\src\traditional\proc\p18F2550.asm
                   TABLAT   0x000ff5       data     extern C:\MCC18\src\traditional\proc\p18F2550.asm
                   TBLPTR   0x000ff6       data     extern C:\MCC18\src\traditional\proc\p18F2550.asm
                  TBLPTRL   0x000ff6       data     extern C:\MCC18\src\traditional\proc\p18F2550.asm
                  TBLPTRH   0x000ff7       data     extern C:\MCC18\src\traditional\proc\p18F2550.asm
                  TBLPTRU   0x000ff8       data     extern C:\MCC18\src\traditional\proc\p18F2550.asm
                      PCL   0x000ff9       data     extern C:\MCC18\src\traditional\proc\p18F2550.asm
                       PC   0x000ff9       data     extern C:\MCC18\src\traditional\proc\p18F2550.asm
                   PCLATH   0x000ffa       data     extern C:\MCC18\src\traditional\proc\p18F2550.asm
                   PCLATU   0x000ffb       data     extern C:\MCC18\src\traditional\proc\p18F2550.asm
                   STKPTR   0x000ffc       data     extern C:\MCC18\src\traditional\proc\p18F2550.asm
               STKPTRbits   0x000ffc       data     extern C:\MCC18\src\traditional\proc\p18F2550.asm
                      TOS   0x000ffd       data     extern C:\MCC18\src\traditional\proc\p18F2550.asm
                     TOSL   0x000ffd       data     extern C:\MCC18\src\traditional\proc\p18F2550.asm
                     TOSH   0x000ffe       data     extern C:\MCC18\src\traditional\proc\p18F2550.asm
                     TOSU   0x000fff       data     extern C:\MCC18\src\traditional\proc\p18F2550.asm


